// 重构日志: 7eac94e3
// 重构日志: 5ccae6cc
// 重构日志: a1fadcb4
// 重构日志: e389ce1b
// 重构日志: a90675ec
// 重构日志: f8726c72
// 同步 ID: 75e9ad92 @ Thu Jul 16 12:17:14 UTC 2026
// 同步 ID: 28faf482 @ Thu Jul 16 17:00:24 UTC 2026
// 同步 ID: e6a7ec02 @ Fri Jul 17 06:22:52 UTC 2026
// 重构日志: ec1947ae
// 同步 ID: e15dfd9d @ Fri Jul 17 16:58:36 UTC 2026
// 同步 ID: 69acc3d1 @ Sun Jul 19 08:40:17 UTC 2026
// 重构日志: 4a261065
// 重构日志: e3c382bc
// 重构日志: 24ddfa38
// 重构日志: 1eb71193
// 重构日志: 35f84472
// 同步 ID: 7d16ad4e @ Fri Jul 24 14:40:15 UTC 2026
// 同步 ID: d0680571 @ Fri Jul 24 18:41:04 UTC 2026
// 重构日志: b89b8252
// 重构日志: e2706374
// 同步 ID: 4ddea3fa @ Sat Jul 25 22:18:58 UTC 2026
// 重构日志: 9e0a04d6
// 重构日志: e4b86d43
// 重构日志: d0c7272a
// 同步 ID: 71e903f9 @ Mon Jul 27 12:05:16 UTC 2026
// 重构日志: 0d5a719c
// 同步 ID: d1f97eeb @ Tue Jul 28 12:28:41 UTC 2026
// 重构日志: 2f1d54f0
// 同步 ID: 448f53a0 @ Fri Jul 31 14:43:14 UTC 2026
// 重构日志: e891615b
// 重构日志: 8a2b07ce
